// Jest Snapshot v1, https://goo.gl/fbAQLP

exports[`prints a schema with this plugin 1`] = `
"""All input for the create \`GisDebug\` mutation."""
input CreateGisDebugInput {
  """
  An arbitrary string value with no semantic meaning. Will be included in the
  payload verbatim. May be used to track mutations by the client.
  """
  clientMutationId: String

  """The \`GisDebug\` to be created by this mutation."""
  gisDebug: GisDebugInput!
}

"""The output of our create \`GisDebug\` mutation."""
type CreateGisDebugPayload {
  """
  The exact same \`clientMutationId\` that was provided in the mutation input,
  unchanged and unused. May be used by a client to track mutations.
  """
  clientMutationId: String

  """The \`GisDebug\` that was created by this mutation."""
  gisDebug: GisDebug

  """An edge for our \`GisDebug\`. May be used by Relay 1."""
  gisDebugEdge(
    """The method to use when ordering \`GisDebug\`."""
    orderBy: [GisDebugsOrderBy!] = [PRIMARY_KEY_ASC]
  ): GisDebugsEdge

  """
  Our root query field type. Allows us to run any query from our mutation payload.
  """
  query: Query
}

"""A location in a connection that can be used for resuming pagination."""
scalar Cursor

"""All input for the \`deleteGisDebugById\` mutation."""
input DeleteGisDebugByIdInput {
  """
  An arbitrary string value with no semantic meaning. Will be included in the
  payload verbatim. May be used to track mutations by the client.
  """
  clientMutationId: String
  id: Int!
}

"""All input for the \`deleteGisDebug\` mutation."""
input DeleteGisDebugInput {
  """
  An arbitrary string value with no semantic meaning. Will be included in the
  payload verbatim. May be used to track mutations by the client.
  """
  clientMutationId: String

  """
  The globally unique \`ID\` which will identify a single \`GisDebug\` to be deleted.
  """
  nodeId: ID!
}

"""The output of our delete \`GisDebug\` mutation."""
type DeleteGisDebugPayload {
  """
  The exact same \`clientMutationId\` that was provided in the mutation input,
  unchanged and unused. May be used by a client to track mutations.
  """
  clientMutationId: String
  deletedGisDebugId: ID

  """The \`GisDebug\` that was deleted by this mutation."""
  gisDebug: GisDebug

  """An edge for our \`GisDebug\`. May be used by Relay 1."""
  gisDebugEdge(
    """The method to use when ordering \`GisDebug\`."""
    orderBy: [GisDebugsOrderBy!] = [PRIMARY_KEY_ASC]
  ): GisDebugsEdge

  """
  Our root query field type. Allows us to run any query from our mutation payload.
  """
  query: Query
}

"""
The \`GeoJSON\` scalar type represents GeoJSON values as specified by[RFC 7946](https://tools.ietf.org/html/rfc7946).
"""
scalar GeoJSON

"""All geography XY types implement this interface"""
interface GeographyGeometry {
  """Converts the object to GeoJSON"""
  geojson: GeoJSON

  """Spatial reference identifier (SRID)"""
  srid: Int!
}

type GeographyGeometryCollection implements GeographyGeometry & GeographyInterface {
  geojson: GeoJSON
  geometries: [GeographyGeometry]
  srid: Int!
}

type GeographyGeometryCollectionM implements GeographyGeometryM & GeographyInterface {
  geojson: GeoJSON
  geometries: [GeographyGeometryM]
  srid: Int!
}

type GeographyGeometryCollectionZ implements GeographyGeometryZ & GeographyInterface {
  geojson: GeoJSON
  geometries: [GeographyGeometryZ]
  srid: Int!
}

type GeographyGeometryCollectionZM implements GeographyGeometryZM & GeographyInterface {
  geojson: GeoJSON
  geometries: [GeographyGeometryZM]
  srid: Int!
}

"""All geography XYM types implement this interface"""
interface GeographyGeometryM {
  """Converts the object to GeoJSON"""
  geojson: GeoJSON

  """Spatial reference identifier (SRID)"""
  srid: Int!
}

"""All geography XYZ types implement this interface"""
interface GeographyGeometryZ {
  """Converts the object to GeoJSON"""
  geojson: GeoJSON

  """Spatial reference identifier (SRID)"""
  srid: Int!
}

"""All geography XYZM types implement this interface"""
interface GeographyGeometryZM {
  """Converts the object to GeoJSON"""
  geojson: GeoJSON

  """Spatial reference identifier (SRID)"""
  srid: Int!
}

"""All geography types implement this interface"""
interface GeographyInterface {
  """Converts the object to GeoJSON"""
  geojson: GeoJSON

  """Spatial reference identifier (SRID)"""
  srid: Int!
}

type GeographyLineString implements GeographyGeometry & GeographyInterface {
  geojson: GeoJSON
  points: [GeographyPoint]
  srid: Int!
}

type GeographyLineStringM implements GeographyGeometryM & GeographyInterface {
  geojson: GeoJSON
  points: [GeographyPointM]
  srid: Int!
}

type GeographyLineStringZ implements GeographyGeometryZ & GeographyInterface {
  geojson: GeoJSON
  points: [GeographyPointZ]
  srid: Int!
}

type GeographyLineStringZM implements GeographyGeometryZM & GeographyInterface {
  geojson: GeoJSON
  points: [GeographyPointZM]
  srid: Int!
}

type GeographyMultiLineString implements GeographyGeometry & GeographyInterface {
  geojson: GeoJSON
  lines: [GeographyLineString]
  srid: Int!
}

type GeographyMultiLineStringM implements GeographyGeometryM & GeographyInterface {
  geojson: GeoJSON
  lines: [GeographyLineStringM]
  srid: Int!
}

type GeographyMultiLineStringZ implements GeographyGeometryZ & GeographyInterface {
  geojson: GeoJSON
  lines: [GeographyLineStringZ]
  srid: Int!
}

type GeographyMultiLineStringZM implements GeographyGeometryZM & GeographyInterface {
  geojson: GeoJSON
  lines: [GeographyLineStringZM]
  srid: Int!
}

type GeographyMultiPoint implements GeographyGeometry & GeographyInterface {
  geojson: GeoJSON
  points: [GeographyPoint]
  srid: Int!
}

type GeographyMultiPointM implements GeographyGeometryM & GeographyInterface {
  geojson: GeoJSON
  points: [GeographyPointM]
  srid: Int!
}

type GeographyMultiPointZ implements GeographyGeometryZ & GeographyInterface {
  geojson: GeoJSON
  points: [GeographyPointZ]
  srid: Int!
}

type GeographyMultiPointZM implements GeographyGeometryZM & GeographyInterface {
  geojson: GeoJSON
  points: [GeographyPointZM]
  srid: Int!
}

type GeographyMultiPolygon implements GeographyGeometry & GeographyInterface {
  geojson: GeoJSON
  polygons: [GeographyPolygon]
  srid: Int!
}

type GeographyMultiPolygonM implements GeographyGeometryM & GeographyInterface {
  geojson: GeoJSON
  polygons: [GeographyPolygonM]
  srid: Int!
}

type GeographyMultiPolygonZ implements GeographyGeometryZ & GeographyInterface {
  geojson: GeoJSON
  polygons: [GeographyPolygonZ]
  srid: Int!
}

type GeographyMultiPolygonZM implements GeographyGeometryZM & GeographyInterface {
  geojson: GeoJSON
  polygons: [GeographyPolygonZM]
  srid: Int!
}

type GeographyPoint implements GeographyGeometry & GeographyInterface {
  geojson: GeoJSON
  latitude: Float!
  longitude: Float!
  srid: Int!
}

type GeographyPointM implements GeographyGeometryM & GeographyInterface {
  geojson: GeoJSON
  latitude: Float!
  longitude: Float!
  srid: Int!
}

type GeographyPointZ implements GeographyGeometryZ & GeographyInterface {
  geojson: GeoJSON
  height: Float!
  latitude: Float!
  longitude: Float!
  srid: Int!
}

type GeographyPointZM implements GeographyGeometryZM & GeographyInterface {
  geojson: GeoJSON
  height: Float!
  latitude: Float!
  longitude: Float!
  srid: Int!
}

type GeographyPolygon implements GeographyGeometry & GeographyInterface {
  exterior: GeographyLineString
  geojson: GeoJSON
  interiors: [GeographyLineString]
  srid: Int!
}

type GeographyPolygonM implements GeographyGeometryM & GeographyInterface {
  exterior: GeographyLineStringM
  geojson: GeoJSON
  interiors: [GeographyLineStringM]
  srid: Int!
}

type GeographyPolygonZ implements GeographyGeometryZ & GeographyInterface {
  exterior: GeographyLineStringZ
  geojson: GeoJSON
  interiors: [GeographyLineStringZ]
  srid: Int!
}

type GeographyPolygonZM implements GeographyGeometryZM & GeographyInterface {
  exterior: GeographyLineStringZM
  geojson: GeoJSON
  interiors: [GeographyLineStringZM]
  srid: Int!
}

"""All geometry XY types implement this interface"""
interface GeometryGeometry {
  """Converts the object to GeoJSON"""
  geojson: GeoJSON

  """Spatial reference identifier (SRID)"""
  srid: Int!
}

type GeometryGeometryCollection implements GeometryGeometry & GeometryInterface {
  geojson: GeoJSON
  geometries: [GeometryGeometry]
  srid: Int!
}

type GeometryGeometryCollectionM implements GeometryGeometryM & GeometryInterface {
  geojson: GeoJSON
  geometries: [GeometryGeometryM]
  srid: Int!
}

type GeometryGeometryCollectionZ implements GeometryGeometryZ & GeometryInterface {
  geojson: GeoJSON
  geometries: [GeometryGeometryZ]
  srid: Int!
}

type GeometryGeometryCollectionZM implements GeometryGeometryZM & GeometryInterface {
  geojson: GeoJSON
  geometries: [GeometryGeometryZM]
  srid: Int!
}

"""All geometry XYM types implement this interface"""
interface GeometryGeometryM {
  """Converts the object to GeoJSON"""
  geojson: GeoJSON

  """Spatial reference identifier (SRID)"""
  srid: Int!
}

"""All geometry XYZ types implement this interface"""
interface GeometryGeometryZ {
  """Converts the object to GeoJSON"""
  geojson: GeoJSON

  """Spatial reference identifier (SRID)"""
  srid: Int!
}

"""All geometry XYZM types implement this interface"""
interface GeometryGeometryZM {
  """Converts the object to GeoJSON"""
  geojson: GeoJSON

  """Spatial reference identifier (SRID)"""
  srid: Int!
}

"""All geometry types implement this interface"""
interface GeometryInterface {
  """Converts the object to GeoJSON"""
  geojson: GeoJSON

  """Spatial reference identifier (SRID)"""
  srid: Int!
}

type GeometryLineString implements GeometryGeometry & GeometryInterface {
  geojson: GeoJSON
  points: [GeometryPoint]
  srid: Int!
}

type GeometryLineStringM implements GeometryGeometryM & GeometryInterface {
  geojson: GeoJSON
  points: [GeometryPointM]
  srid: Int!
}

type GeometryLineStringZ implements GeometryGeometryZ & GeometryInterface {
  geojson: GeoJSON
  points: [GeometryPointZ]
  srid: Int!
}

type GeometryLineStringZM implements GeometryGeometryZM & GeometryInterface {
  geojson: GeoJSON
  points: [GeometryPointZM]
  srid: Int!
}

type GeometryMultiLineString implements GeometryGeometry & GeometryInterface {
  geojson: GeoJSON
  lines: [GeometryLineString]
  srid: Int!
}

type GeometryMultiLineStringM implements GeometryGeometryM & GeometryInterface {
  geojson: GeoJSON
  lines: [GeometryLineStringM]
  srid: Int!
}

type GeometryMultiLineStringZ implements GeometryGeometryZ & GeometryInterface {
  geojson: GeoJSON
  lines: [GeometryLineStringZ]
  srid: Int!
}

type GeometryMultiLineStringZM implements GeometryGeometryZM & GeometryInterface {
  geojson: GeoJSON
  lines: [GeometryLineStringZM]
  srid: Int!
}

type GeometryMultiPoint implements GeometryGeometry & GeometryInterface {
  geojson: GeoJSON
  points: [GeometryPoint]
  srid: Int!
}

type GeometryMultiPointM implements GeometryGeometryM & GeometryInterface {
  geojson: GeoJSON
  points: [GeometryPointM]
  srid: Int!
}

type GeometryMultiPointZ implements GeometryGeometryZ & GeometryInterface {
  geojson: GeoJSON
  points: [GeometryPointZ]
  srid: Int!
}

type GeometryMultiPointZM implements GeometryGeometryZM & GeometryInterface {
  geojson: GeoJSON
  points: [GeometryPointZM]
  srid: Int!
}

type GeometryMultiPolygon implements GeometryGeometry & GeometryInterface {
  geojson: GeoJSON
  polygons: [GeometryPolygon]
  srid: Int!
}

type GeometryMultiPolygonM implements GeometryGeometryM & GeometryInterface {
  geojson: GeoJSON
  polygons: [GeometryPolygonM]
  srid: Int!
}

type GeometryMultiPolygonZ implements GeometryGeometryZ & GeometryInterface {
  geojson: GeoJSON
  polygons: [GeometryPolygonZ]
  srid: Int!
}

type GeometryMultiPolygonZM implements GeometryGeometryZM & GeometryInterface {
  geojson: GeoJSON
  polygons: [GeometryPolygonZM]
  srid: Int!
}

type GeometryPoint implements GeometryGeometry & GeometryInterface {
  geojson: GeoJSON
  srid: Int!
  x: Float!
  y: Float!
}

type GeometryPointM implements GeometryGeometryM & GeometryInterface {
  geojson: GeoJSON
  srid: Int!
  x: Float!
  y: Float!
}

type GeometryPointZ implements GeometryGeometryZ & GeometryInterface {
  geojson: GeoJSON
  srid: Int!
  x: Float!
  y: Float!
  z: Float!
}

type GeometryPointZM implements GeometryGeometryZM & GeometryInterface {
  geojson: GeoJSON
  srid: Int!
  x: Float!
  y: Float!
  z: Float!
}

type GeometryPolygon implements GeometryGeometry & GeometryInterface {
  exterior: GeometryLineString
  geojson: GeoJSON
  interiors: [GeometryLineString]
  srid: Int!
}

type GeometryPolygonM implements GeometryGeometryM & GeometryInterface {
  exterior: GeometryLineStringM
  geojson: GeoJSON
  interiors: [GeometryLineStringM]
  srid: Int!
}

type GeometryPolygonZ implements GeometryGeometryZ & GeometryInterface {
  exterior: GeometryLineStringZ
  geojson: GeoJSON
  interiors: [GeometryLineStringZ]
  srid: Int!
}

type GeometryPolygonZM implements GeometryGeometryZM & GeometryInterface {
  exterior: GeometryLineStringZM
  geojson: GeoJSON
  interiors: [GeometryLineStringZM]
  srid: Int!
}

type GisDebug implements Node {
  geog: GeographyInterface
  geogGeometry: GeographyGeometry
  geogGeometrycollection: GeographyGeometryCollection
  geogGeometrycollectionm: GeographyGeometryCollectionM
  geogGeometrycollectionz: GeographyGeometryCollectionZ
  geogGeometrycollectionzm: GeographyGeometryCollectionZM
  geogGeometrym: GeographyGeometryM
  geogGeometryz: GeographyGeometryZ
  geogGeometryzm: GeographyGeometryZM
  geogLinestring: GeographyLineString
  geogLinestringm: GeographyLineStringM
  geogLinestringz: GeographyLineStringZ
  geogLinestringzm: GeographyLineStringZM
  geogMultilinestring: GeographyMultiLineString
  geogMultilinestringm: GeographyMultiLineStringM
  geogMultilinestringz: GeographyMultiLineStringZ
  geogMultilinestringzm: GeographyMultiLineStringZM
  geogMultipoint: GeographyMultiPoint
  geogMultipointm: GeographyMultiPointM
  geogMultipointz: GeographyMultiPointZ
  geogMultipointzm: GeographyMultiPointZM
  geogMultipolygon: GeographyMultiPolygon
  geogMultipolygonm: GeographyMultiPolygonM
  geogMultipolygonz: GeographyMultiPolygonZ
  geogMultipolygonzm: GeographyMultiPolygonZM
  geogPoint: GeographyPoint
  geogPointm: GeographyPointM
  geogPointz: GeographyPointZ
  geogPointzm: GeographyPointZM
  geogPolygon: GeographyPolygon
  geogPolygonm: GeographyPolygonM
  geogPolygonz: GeographyPolygonZ
  geogPolygonzm: GeographyPolygonZM
  geom: GeometryInterface
  geomGeometry: GeometryGeometry
  geomGeometrycollection: GeometryGeometryCollection
  geomGeometrycollectionm: GeometryGeometryCollectionM
  geomGeometrycollectionz: GeometryGeometryCollectionZ
  geomGeometrycollectionzm: GeometryGeometryCollectionZM
  geomGeometrym: GeometryGeometryM
  geomGeometryz: GeometryGeometryZ
  geomGeometryzm: GeometryGeometryZM
  geomLinestring: GeometryLineString
  geomLinestringm: GeometryLineStringM
  geomLinestringz: GeometryLineStringZ
  geomLinestringzm: GeometryLineStringZM
  geomMultilinestring: GeometryMultiLineString
  geomMultilinestringm: GeometryMultiLineStringM
  geomMultilinestringz: GeometryMultiLineStringZ
  geomMultilinestringzm: GeometryMultiLineStringZM
  geomMultipoint: GeometryMultiPoint
  geomMultipointm: GeometryMultiPointM
  geomMultipointz: GeometryMultiPointZ
  geomMultipointzm: GeometryMultiPointZM
  geomMultipolygon: GeometryMultiPolygon
  geomMultipolygonm: GeometryMultiPolygonM
  geomMultipolygonz: GeometryMultiPolygonZ
  geomMultipolygonzm: GeometryMultiPolygonZM
  geomPoint: GeometryPoint
  geomPointm: GeometryPointM
  geomPointz: GeometryPointZ
  geomPointzm: GeometryPointZM
  geomPolygon: GeometryPolygon
  geomPolygonm: GeometryPolygonM
  geomPolygonz: GeometryPolygonZ
  geomPolygonzm: GeometryPolygonZM
  id: Int!

  """
  A globally unique identifier. Can be used in various places throughout the system to identify this single value.
  """
  nodeId: ID!
}

"""
A condition to be used against \`GisDebug\` object types. All fields are tested
for equality and combined with a logical ‘and.’
"""
input GisDebugCondition {
  """Checks for equality with the object’s \`geog\` field."""
  geog: GeoJSON

  """Checks for equality with the object’s \`geogGeometry\` field."""
  geogGeometry: GeoJSON

  """Checks for equality with the object’s \`geogGeometrycollection\` field."""
  geogGeometrycollection: GeoJSON

  """Checks for equality with the object’s \`geogGeometrycollectionm\` field."""
  geogGeometrycollectionm: GeoJSON

  """Checks for equality with the object’s \`geogGeometrycollectionz\` field."""
  geogGeometrycollectionz: GeoJSON

  """
  Checks for equality with the object’s \`geogGeometrycollectionzm\` field.
  """
  geogGeometrycollectionzm: GeoJSON

  """Checks for equality with the object’s \`geogGeometrym\` field."""
  geogGeometrym: GeoJSON

  """Checks for equality with the object’s \`geogGeometryz\` field."""
  geogGeometryz: GeoJSON

  """Checks for equality with the object’s \`geogGeometryzm\` field."""
  geogGeometryzm: GeoJSON

  """Checks for equality with the object’s \`geogLinestring\` field."""
  geogLinestring: GeoJSON

  """Checks for equality with the object’s \`geogLinestringm\` field."""
  geogLinestringm: GeoJSON

  """Checks for equality with the object’s \`geogLinestringz\` field."""
  geogLinestringz: GeoJSON

  """Checks for equality with the object’s \`geogLinestringzm\` field."""
  geogLinestringzm: GeoJSON

  """Checks for equality with the object’s \`geogMultilinestring\` field."""
  geogMultilinestring: GeoJSON

  """Checks for equality with the object’s \`geogMultilinestringm\` field."""
  geogMultilinestringm: GeoJSON

  """Checks for equality with the object’s \`geogMultilinestringz\` field."""
  geogMultilinestringz: GeoJSON

  """Checks for equality with the object’s \`geogMultilinestringzm\` field."""
  geogMultilinestringzm: GeoJSON

  """Checks for equality with the object’s \`geogMultipoint\` field."""
  geogMultipoint: GeoJSON

  """Checks for equality with the object’s \`geogMultipointm\` field."""
  geogMultipointm: GeoJSON

  """Checks for equality with the object’s \`geogMultipointz\` field."""
  geogMultipointz: GeoJSON

  """Checks for equality with the object’s \`geogMultipointzm\` field."""
  geogMultipointzm: GeoJSON

  """Checks for equality with the object’s \`geogMultipolygon\` field."""
  geogMultipolygon: GeoJSON

  """Checks for equality with the object’s \`geogMultipolygonm\` field."""
  geogMultipolygonm: GeoJSON

  """Checks for equality with the object’s \`geogMultipolygonz\` field."""
  geogMultipolygonz: GeoJSON

  """Checks for equality with the object’s \`geogMultipolygonzm\` field."""
  geogMultipolygonzm: GeoJSON

  """Checks for equality with the object’s \`geogPoint\` field."""
  geogPoint: GeoJSON

  """Checks for equality with the object’s \`geogPointm\` field."""
  geogPointm: GeoJSON

  """Checks for equality with the object’s \`geogPointz\` field."""
  geogPointz: GeoJSON

  """Checks for equality with the object’s \`geogPointzm\` field."""
  geogPointzm: GeoJSON

  """Checks for equality with the object’s \`geogPolygon\` field."""
  geogPolygon: GeoJSON

  """Checks for equality with the object’s \`geogPolygonm\` field."""
  geogPolygonm: GeoJSON

  """Checks for equality with the object’s \`geogPolygonz\` field."""
  geogPolygonz: GeoJSON

  """Checks for equality with the object’s \`geogPolygonzm\` field."""
  geogPolygonzm: GeoJSON

  """Checks for equality with the object’s \`geom\` field."""
  geom: GeoJSON

  """Checks for equality with the object’s \`geomGeometry\` field."""
  geomGeometry: GeoJSON

  """Checks for equality with the object’s \`geomGeometrycollection\` field."""
  geomGeometrycollection: GeoJSON

  """Checks for equality with the object’s \`geomGeometrycollectionm\` field."""
  geomGeometrycollectionm: GeoJSON

  """Checks for equality with the object’s \`geomGeometrycollectionz\` field."""
  geomGeometrycollectionz: GeoJSON

  """
  Checks for equality with the object’s \`geomGeometrycollectionzm\` field.
  """
  geomGeometrycollectionzm: GeoJSON

  """Checks for equality with the object’s \`geomGeometrym\` field."""
  geomGeometrym: GeoJSON

  """Checks for equality with the object’s \`geomGeometryz\` field."""
  geomGeometryz: GeoJSON

  """Checks for equality with the object’s \`geomGeometryzm\` field."""
  geomGeometryzm: GeoJSON

  """Checks for equality with the object’s \`geomLinestring\` field."""
  geomLinestring: GeoJSON

  """Checks for equality with the object’s \`geomLinestringm\` field."""
  geomLinestringm: GeoJSON

  """Checks for equality with the object’s \`geomLinestringz\` field."""
  geomLinestringz: GeoJSON

  """Checks for equality with the object’s \`geomLinestringzm\` field."""
  geomLinestringzm: GeoJSON

  """Checks for equality with the object’s \`geomMultilinestring\` field."""
  geomMultilinestring: GeoJSON

  """Checks for equality with the object’s \`geomMultilinestringm\` field."""
  geomMultilinestringm: GeoJSON

  """Checks for equality with the object’s \`geomMultilinestringz\` field."""
  geomMultilinestringz: GeoJSON

  """Checks for equality with the object’s \`geomMultilinestringzm\` field."""
  geomMultilinestringzm: GeoJSON

  """Checks for equality with the object’s \`geomMultipoint\` field."""
  geomMultipoint: GeoJSON

  """Checks for equality with the object’s \`geomMultipointm\` field."""
  geomMultipointm: GeoJSON

  """Checks for equality with the object’s \`geomMultipointz\` field."""
  geomMultipointz: GeoJSON

  """Checks for equality with the object’s \`geomMultipointzm\` field."""
  geomMultipointzm: GeoJSON

  """Checks for equality with the object’s \`geomMultipolygon\` field."""
  geomMultipolygon: GeoJSON

  """Checks for equality with the object’s \`geomMultipolygonm\` field."""
  geomMultipolygonm: GeoJSON

  """Checks for equality with the object’s \`geomMultipolygonz\` field."""
  geomMultipolygonz: GeoJSON

  """Checks for equality with the object’s \`geomMultipolygonzm\` field."""
  geomMultipolygonzm: GeoJSON

  """Checks for equality with the object’s \`geomPoint\` field."""
  geomPoint: GeoJSON

  """Checks for equality with the object’s \`geomPointm\` field."""
  geomPointm: GeoJSON

  """Checks for equality with the object’s \`geomPointz\` field."""
  geomPointz: GeoJSON

  """Checks for equality with the object’s \`geomPointzm\` field."""
  geomPointzm: GeoJSON

  """Checks for equality with the object’s \`geomPolygon\` field."""
  geomPolygon: GeoJSON

  """Checks for equality with the object’s \`geomPolygonm\` field."""
  geomPolygonm: GeoJSON

  """Checks for equality with the object’s \`geomPolygonz\` field."""
  geomPolygonz: GeoJSON

  """Checks for equality with the object’s \`geomPolygonzm\` field."""
  geomPolygonzm: GeoJSON

  """Checks for equality with the object’s \`id\` field."""
  id: Int
}

"""An input for mutations affecting \`GisDebug\`"""
input GisDebugInput {
  geog: GeoJSON
  geogGeometry: GeoJSON
  geogGeometrycollection: GeoJSON
  geogGeometrycollectionm: GeoJSON
  geogGeometrycollectionz: GeoJSON
  geogGeometrycollectionzm: GeoJSON
  geogGeometrym: GeoJSON
  geogGeometryz: GeoJSON
  geogGeometryzm: GeoJSON
  geogLinestring: GeoJSON
  geogLinestringm: GeoJSON
  geogLinestringz: GeoJSON
  geogLinestringzm: GeoJSON
  geogMultilinestring: GeoJSON
  geogMultilinestringm: GeoJSON
  geogMultilinestringz: GeoJSON
  geogMultilinestringzm: GeoJSON
  geogMultipoint: GeoJSON
  geogMultipointm: GeoJSON
  geogMultipointz: GeoJSON
  geogMultipointzm: GeoJSON
  geogMultipolygon: GeoJSON
  geogMultipolygonm: GeoJSON
  geogMultipolygonz: GeoJSON
  geogMultipolygonzm: GeoJSON
  geogPoint: GeoJSON
  geogPointm: GeoJSON
  geogPointz: GeoJSON
  geogPointzm: GeoJSON
  geogPolygon: GeoJSON
  geogPolygonm: GeoJSON
  geogPolygonz: GeoJSON
  geogPolygonzm: GeoJSON
  geom: GeoJSON
  geomGeometry: GeoJSON
  geomGeometrycollection: GeoJSON
  geomGeometrycollectionm: GeoJSON
  geomGeometrycollectionz: GeoJSON
  geomGeometrycollectionzm: GeoJSON
  geomGeometrym: GeoJSON
  geomGeometryz: GeoJSON
  geomGeometryzm: GeoJSON
  geomLinestring: GeoJSON
  geomLinestringm: GeoJSON
  geomLinestringz: GeoJSON
  geomLinestringzm: GeoJSON
  geomMultilinestring: GeoJSON
  geomMultilinestringm: GeoJSON
  geomMultilinestringz: GeoJSON
  geomMultilinestringzm: GeoJSON
  geomMultipoint: GeoJSON
  geomMultipointm: GeoJSON
  geomMultipointz: GeoJSON
  geomMultipointzm: GeoJSON
  geomMultipolygon: GeoJSON
  geomMultipolygonm: GeoJSON
  geomMultipolygonz: GeoJSON
  geomMultipolygonzm: GeoJSON
  geomPoint: GeoJSON
  geomPointm: GeoJSON
  geomPointz: GeoJSON
  geomPointzm: GeoJSON
  geomPolygon: GeoJSON
  geomPolygonm: GeoJSON
  geomPolygonz: GeoJSON
  geomPolygonzm: GeoJSON
  id: Int
}

"""
Represents an update to a \`GisDebug\`. Fields that are set will be updated.
"""
input GisDebugPatch {
  geog: GeoJSON
  geogGeometry: GeoJSON
  geogGeometrycollection: GeoJSON
  geogGeometrycollectionm: GeoJSON
  geogGeometrycollectionz: GeoJSON
  geogGeometrycollectionzm: GeoJSON
  geogGeometrym: GeoJSON
  geogGeometryz: GeoJSON
  geogGeometryzm: GeoJSON
  geogLinestring: GeoJSON
  geogLinestringm: GeoJSON
  geogLinestringz: GeoJSON
  geogLinestringzm: GeoJSON
  geogMultilinestring: GeoJSON
  geogMultilinestringm: GeoJSON
  geogMultilinestringz: GeoJSON
  geogMultilinestringzm: GeoJSON
  geogMultipoint: GeoJSON
  geogMultipointm: GeoJSON
  geogMultipointz: GeoJSON
  geogMultipointzm: GeoJSON
  geogMultipolygon: GeoJSON
  geogMultipolygonm: GeoJSON
  geogMultipolygonz: GeoJSON
  geogMultipolygonzm: GeoJSON
  geogPoint: GeoJSON
  geogPointm: GeoJSON
  geogPointz: GeoJSON
  geogPointzm: GeoJSON
  geogPolygon: GeoJSON
  geogPolygonm: GeoJSON
  geogPolygonz: GeoJSON
  geogPolygonzm: GeoJSON
  geom: GeoJSON
  geomGeometry: GeoJSON
  geomGeometrycollection: GeoJSON
  geomGeometrycollectionm: GeoJSON
  geomGeometrycollectionz: GeoJSON
  geomGeometrycollectionzm: GeoJSON
  geomGeometrym: GeoJSON
  geomGeometryz: GeoJSON
  geomGeometryzm: GeoJSON
  geomLinestring: GeoJSON
  geomLinestringm: GeoJSON
  geomLinestringz: GeoJSON
  geomLinestringzm: GeoJSON
  geomMultilinestring: GeoJSON
  geomMultilinestringm: GeoJSON
  geomMultilinestringz: GeoJSON
  geomMultilinestringzm: GeoJSON
  geomMultipoint: GeoJSON
  geomMultipointm: GeoJSON
  geomMultipointz: GeoJSON
  geomMultipointzm: GeoJSON
  geomMultipolygon: GeoJSON
  geomMultipolygonm: GeoJSON
  geomMultipolygonz: GeoJSON
  geomMultipolygonzm: GeoJSON
  geomPoint: GeoJSON
  geomPointm: GeoJSON
  geomPointz: GeoJSON
  geomPointzm: GeoJSON
  geomPolygon: GeoJSON
  geomPolygonm: GeoJSON
  geomPolygonz: GeoJSON
  geomPolygonzm: GeoJSON
  id: Int
}

"""A connection to a list of \`GisDebug\` values."""
type GisDebugsConnection {
  """
  A list of edges which contains the \`GisDebug\` and cursor to aid in pagination.
  """
  edges: [GisDebugsEdge!]!

  """A list of \`GisDebug\` objects."""
  nodes: [GisDebug]!

  """Information to aid in pagination."""
  pageInfo: PageInfo!

  """The count of *all* \`GisDebug\` you could get from the connection."""
  totalCount: Int!
}

"""A \`GisDebug\` edge in the connection."""
type GisDebugsEdge {
  """A cursor for use in pagination."""
  cursor: Cursor

  """The \`GisDebug\` at the end of the edge."""
  node: GisDebug
}

"""Methods to use when ordering \`GisDebug\`."""
enum GisDebugsOrderBy {
  GEOG_ASC
  GEOG_DESC
  GEOG_GEOMETRYCOLLECTIONM_ASC
  GEOG_GEOMETRYCOLLECTIONM_DESC
  GEOG_GEOMETRYCOLLECTIONZM_ASC
  GEOG_GEOMETRYCOLLECTIONZM_DESC
  GEOG_GEOMETRYCOLLECTIONZ_ASC
  GEOG_GEOMETRYCOLLECTIONZ_DESC
  GEOG_GEOMETRYCOLLECTION_ASC
  GEOG_GEOMETRYCOLLECTION_DESC
  GEOG_GEOMETRYM_ASC
  GEOG_GEOMETRYM_DESC
  GEOG_GEOMETRYZM_ASC
  GEOG_GEOMETRYZM_DESC
  GEOG_GEOMETRYZ_ASC
  GEOG_GEOMETRYZ_DESC
  GEOG_GEOMETRY_ASC
  GEOG_GEOMETRY_DESC
  GEOG_LINESTRINGM_ASC
  GEOG_LINESTRINGM_DESC
  GEOG_LINESTRINGZM_ASC
  GEOG_LINESTRINGZM_DESC
  GEOG_LINESTRINGZ_ASC
  GEOG_LINESTRINGZ_DESC
  GEOG_LINESTRING_ASC
  GEOG_LINESTRING_DESC
  GEOG_MULTILINESTRINGM_ASC
  GEOG_MULTILINESTRINGM_DESC
  GEOG_MULTILINESTRINGZM_ASC
  GEOG_MULTILINESTRINGZM_DESC
  GEOG_MULTILINESTRINGZ_ASC
  GEOG_MULTILINESTRINGZ_DESC
  GEOG_MULTILINESTRING_ASC
  GEOG_MULTILINESTRING_DESC
  GEOG_MULTIPOINTM_ASC
  GEOG_MULTIPOINTM_DESC
  GEOG_MULTIPOINTZM_ASC
  GEOG_MULTIPOINTZM_DESC
  GEOG_MULTIPOINTZ_ASC
  GEOG_MULTIPOINTZ_DESC
  GEOG_MULTIPOINT_ASC
  GEOG_MULTIPOINT_DESC
  GEOG_MULTIPOLYGONM_ASC
  GEOG_MULTIPOLYGONM_DESC
  GEOG_MULTIPOLYGONZM_ASC
  GEOG_MULTIPOLYGONZM_DESC
  GEOG_MULTIPOLYGONZ_ASC
  GEOG_MULTIPOLYGONZ_DESC
  GEOG_MULTIPOLYGON_ASC
  GEOG_MULTIPOLYGON_DESC
  GEOG_POINTM_ASC
  GEOG_POINTM_DESC
  GEOG_POINTZM_ASC
  GEOG_POINTZM_DESC
  GEOG_POINTZ_ASC
  GEOG_POINTZ_DESC
  GEOG_POINT_ASC
  GEOG_POINT_DESC
  GEOG_POLYGONM_ASC
  GEOG_POLYGONM_DESC
  GEOG_POLYGONZM_ASC
  GEOG_POLYGONZM_DESC
  GEOG_POLYGONZ_ASC
  GEOG_POLYGONZ_DESC
  GEOG_POLYGON_ASC
  GEOG_POLYGON_DESC
  GEOM_ASC
  GEOM_DESC
  GEOM_GEOMETRYCOLLECTIONM_ASC
  GEOM_GEOMETRYCOLLECTIONM_DESC
  GEOM_GEOMETRYCOLLECTIONZM_ASC
  GEOM_GEOMETRYCOLLECTIONZM_DESC
  GEOM_GEOMETRYCOLLECTIONZ_ASC
  GEOM_GEOMETRYCOLLECTIONZ_DESC
  GEOM_GEOMETRYCOLLECTION_ASC
  GEOM_GEOMETRYCOLLECTION_DESC
  GEOM_GEOMETRYM_ASC
  GEOM_GEOMETRYM_DESC
  GEOM_GEOMETRYZM_ASC
  GEOM_GEOMETRYZM_DESC
  GEOM_GEOMETRYZ_ASC
  GEOM_GEOMETRYZ_DESC
  GEOM_GEOMETRY_ASC
  GEOM_GEOMETRY_DESC
  GEOM_LINESTRINGM_ASC
  GEOM_LINESTRINGM_DESC
  GEOM_LINESTRINGZM_ASC
  GEOM_LINESTRINGZM_DESC
  GEOM_LINESTRINGZ_ASC
  GEOM_LINESTRINGZ_DESC
  GEOM_LINESTRING_ASC
  GEOM_LINESTRING_DESC
  GEOM_MULTILINESTRINGM_ASC
  GEOM_MULTILINESTRINGM_DESC
  GEOM_MULTILINESTRINGZM_ASC
  GEOM_MULTILINESTRINGZM_DESC
  GEOM_MULTILINESTRINGZ_ASC
  GEOM_MULTILINESTRINGZ_DESC
  GEOM_MULTILINESTRING_ASC
  GEOM_MULTILINESTRING_DESC
  GEOM_MULTIPOINTM_ASC
  GEOM_MULTIPOINTM_DESC
  GEOM_MULTIPOINTZM_ASC
  GEOM_MULTIPOINTZM_DESC
  GEOM_MULTIPOINTZ_ASC
  GEOM_MULTIPOINTZ_DESC
  GEOM_MULTIPOINT_ASC
  GEOM_MULTIPOINT_DESC
  GEOM_MULTIPOLYGONM_ASC
  GEOM_MULTIPOLYGONM_DESC
  GEOM_MULTIPOLYGONZM_ASC
  GEOM_MULTIPOLYGONZM_DESC
  GEOM_MULTIPOLYGONZ_ASC
  GEOM_MULTIPOLYGONZ_DESC
  GEOM_MULTIPOLYGON_ASC
  GEOM_MULTIPOLYGON_DESC
  GEOM_POINTM_ASC
  GEOM_POINTM_DESC
  GEOM_POINTZM_ASC
  GEOM_POINTZM_DESC
  GEOM_POINTZ_ASC
  GEOM_POINTZ_DESC
  GEOM_POINT_ASC
  GEOM_POINT_DESC
  GEOM_POLYGONM_ASC
  GEOM_POLYGONM_DESC
  GEOM_POLYGONZM_ASC
  GEOM_POLYGONZM_DESC
  GEOM_POLYGONZ_ASC
  GEOM_POLYGONZ_DESC
  GEOM_POLYGON_ASC
  GEOM_POLYGON_DESC
  ID_ASC
  ID_DESC
  NATURAL
  PRIMARY_KEY_ASC
  PRIMARY_KEY_DESC
}

"""
The root mutation type which contains root level fields which mutate data.
"""
type Mutation {
  """Creates a single \`GisDebug\`."""
  createGisDebug(
    """
    The exclusive input argument for this mutation. An object type, make sure to see documentation for this object’s fields.
    """
    input: CreateGisDebugInput!
  ): CreateGisDebugPayload

  """Deletes a single \`GisDebug\` using its globally unique id."""
  deleteGisDebug(
    """
    The exclusive input argument for this mutation. An object type, make sure to see documentation for this object’s fields.
    """
    input: DeleteGisDebugInput!
  ): DeleteGisDebugPayload

  """Deletes a single \`GisDebug\` using a unique key."""
  deleteGisDebugById(
    """
    The exclusive input argument for this mutation. An object type, make sure to see documentation for this object’s fields.
    """
    input: DeleteGisDebugByIdInput!
  ): DeleteGisDebugPayload

  """Updates a single \`GisDebug\` using its globally unique id and a patch."""
  updateGisDebug(
    """
    The exclusive input argument for this mutation. An object type, make sure to see documentation for this object’s fields.
    """
    input: UpdateGisDebugInput!
  ): UpdateGisDebugPayload

  """Updates a single \`GisDebug\` using a unique key and a patch."""
  updateGisDebugById(
    """
    The exclusive input argument for this mutation. An object type, make sure to see documentation for this object’s fields.
    """
    input: UpdateGisDebugByIdInput!
  ): UpdateGisDebugPayload
}

"""An object with a globally unique \`ID\`."""
interface Node {
  """
  A globally unique identifier. Can be used in various places throughout the system to identify this single value.
  """
  nodeId: ID!
}

"""Information about pagination in a connection."""
type PageInfo {
  """When paginating forwards, the cursor to continue."""
  endCursor: Cursor

  """When paginating forwards, are there more items?"""
  hasNextPage: Boolean!

  """When paginating backwards, are there more items?"""
  hasPreviousPage: Boolean!

  """When paginating backwards, the cursor to continue."""
  startCursor: Cursor
}

"""The root query type which gives access points into the data universe."""
type Query implements Node {
  """Reads and enables pagination through a set of \`GisDebug\`."""
  allGisDebugs(
    """Read all values in the set after (below) this cursor."""
    after: Cursor

    """Read all values in the set before (above) this cursor."""
    before: Cursor

    """
    A condition to be used in determining which values should be returned by the collection.
    """
    condition: GisDebugCondition

    """Only read the first \`n\` values of the set."""
    first: Int

    """Only read the last \`n\` values of the set."""
    last: Int

    """
    Skip the first \`n\` values from our \`after\` cursor, an alternative to cursor
    based pagination. May not be used with \`last\`.
    """
    offset: Int

    """The method to use when ordering \`GisDebug\`."""
    orderBy: [GisDebugsOrderBy!] = [PRIMARY_KEY_ASC]
  ): GisDebugsConnection

  """Reads a single \`GisDebug\` using its globally unique \`ID\`."""
  gisDebug(
    """The globally unique \`ID\` to be used in selecting a single \`GisDebug\`."""
    nodeId: ID!
  ): GisDebug
  gisDebugById(id: Int!): GisDebug

  """Fetches an object given its globally unique \`ID\`."""
  node(
    """The globally unique \`ID\`."""
    nodeId: ID!
  ): Node

  """
  The root query type must be a \`Node\` to work well with Relay 1 mutations. This just resolves to \`query\`.
  """
  nodeId: ID!

  """
  Exposes the root query type nested one level down. This is helpful for Relay 1
  which can only query top level fields if they are in a particular form.
  """
  query: Query!
}

"""All input for the \`updateGisDebugById\` mutation."""
input UpdateGisDebugByIdInput {
  """
  An arbitrary string value with no semantic meaning. Will be included in the
  payload verbatim. May be used to track mutations by the client.
  """
  clientMutationId: String

  """
  An object where the defined keys will be set on the \`GisDebug\` being updated.
  """
  gisDebugPatch: GisDebugPatch!
  id: Int!
}

"""All input for the \`updateGisDebug\` mutation."""
input UpdateGisDebugInput {
  """
  An arbitrary string value with no semantic meaning. Will be included in the
  payload verbatim. May be used to track mutations by the client.
  """
  clientMutationId: String

  """
  An object where the defined keys will be set on the \`GisDebug\` being updated.
  """
  gisDebugPatch: GisDebugPatch!

  """
  The globally unique \`ID\` which will identify a single \`GisDebug\` to be updated.
  """
  nodeId: ID!
}

"""The output of our update \`GisDebug\` mutation."""
type UpdateGisDebugPayload {
  """
  The exact same \`clientMutationId\` that was provided in the mutation input,
  unchanged and unused. May be used by a client to track mutations.
  """
  clientMutationId: String

  """The \`GisDebug\` that was updated by this mutation."""
  gisDebug: GisDebug

  """An edge for our \`GisDebug\`. May be used by Relay 1."""
  gisDebugEdge(
    """The method to use when ordering \`GisDebug\`."""
    orderBy: [GisDebugsOrderBy!] = [PRIMARY_KEY_ASC]
  ): GisDebugsEdge

  """
  Our root query field type. Allows us to run any query from our mutation payload.
  """
  query: Query
}

`;
